// Jest Snapshot v1, https://goo.gl/fbAQLP

exports[`matches snapshot 1`] = `
<DocumentFragment>
  <div
    class="mt-4  card"
  >
    <div
      class="card-body"
    >
      <div
        class="card-title h5"
      >
        Club: 
      </div>
      <p
        class="card-text"
      >
        Address: undefined, undefined, undefined undefined
      </p>
      <p
        class="card-text"
      >
        Website:
        <a
          href="https://undefined"
          rel="noreferrer noopener"
          target="_blank"
        >
          undefined
        </a>
      </p>
      <p
        class="card-text"
      >
        Tel: undefined
      </p>
      <p
        class="card-text"
      >
        Latitude: undefined | Longitude: undefined
      </p>
    </div>
  </div>
</DocumentFragment>
`;
